C:\SuperSystem\implementation\system.ngc 1449214076
C:/SuperSystem/implementation/system_button_wrapper.ngc 1449213964
C:/SuperSystem/implementation/system_switch_wrapper.ngc 1449213976
C:/SuperSystem/implementation/system_rs232_wrapper.ngc 1449213952
C:/SuperSystem/implementation/system_proc_sys_reset_0_wrapper.ngc 1449213821
C:/SuperSystem/implementation/system_clock_generator_0_wrapper.ngc 1449214050
C:/SuperSystem/implementation/system_microblaze_0_ilmb_wrapper.ngc 1449214034
C:/SuperSystem/implementation/system_microblaze_0_dlmb_wrapper.ngc 1449214039
C:/SuperSystem/implementation/system_axi4lite_0_wrapper.ngc 1449214056
C:/SuperSystem/implementation/system_microblaze_0_wrapper.ngc 1449214045
C:/SuperSystem/implementation/system_axi_intc_0_wrapper.ngc 1449213988
C:/SuperSystem/implementation/system_microblaze_0_i_bram_ctrl_wrapper.ngc 1449213837
C:/SuperSystem/implementation/system_microblaze_0_d_bram_ctrl_wrapper.ngc 1449213853
C:/SuperSystem/implementation/system_debug_module_wrapper.ngc 1449213915
C:/SuperSystem/implementation/system_seg_wrapper.ngc 1449214000
C:/SuperSystem/implementation/system_axi_timer_0_wrapper.ngc 1449214013
C:/SuperSystem/implementation/system_led_wrapper.ngc 1449214025
C:/SuperSystem/implementation/system_microblaze_0_bram_block_wrapper.ngc 1449213863
OK
